// Jest Snapshot v1, https://goo.gl/fbAQLP

exports[`<LandingPage /> snapshot should render the component and compares the snapshot with old snapshot 1`] = `
<section
  className="centered"
>
  <div
    className=""
  >
    <div
      className="ae af ag ah ai aj ak al"
    >
      <h1
        className="am an ao ap aq"
        data-baseweb="heading"
        data-testid="list-caption"
      >
        Customer List
      </h1>
    </div>
    <div
      className="ae ar ai as"
    >
      <div
        className="ae ai at"
      >
        <div
          className="ae au"
          data-testid="employee-list"
        >
          <ul
            aria-activedescendant={null}
            className="av aw ax ay az b0 b1 b2 b3 b4 b5 b6 b7 b8 b9 ba bb ai"
            data-baseweb="menu"
            onBlur={[Function]}
            onFocus={[Function]}
            onMouseEnter={[Function]}
            onMouseLeave={[Function]}
            onMouseOver={[Function]}
            role="listbox"
            tabIndex={0}
          >
            <li
              className="ag ae bc ai bd"
              onClick={[Function]}
              onMouseEnter={[Function]}
            >
              <div
                className="be bf bg bh bi bj bk bl bm bn bo bp ag ae bq br bs bt bu"
              >
                <div
                  className="bv"
                  data-testid="employee-record"
                >
                  <span
                    className="bw bx by"
                  >
                    john dow
                  </span>
                  <span
                    className="bz"
                  >
                    Age: 18 years
                    , 
                    Employee Id: Emp123
                  </span>
                </div>
                <div
                  className="ag ae"
                >
                  <svg
                    className="c0 c1 c2 c3 c4"
                    data-baseweb="icon"
                    viewBox="0 0 24 24"
                  >
                    <title>
                      Chevron Right
                    </title>
                    <path
                      clipRule="evenodd"
                      d="M9.29289 7.29289C8.90237 7.68342 8.90237 8.31658 9.29289 8.70711L12.5858 12L9.29289 15.2929C8.90237 15.6834 8.90237 16.3166 9.29289 16.7071C9.68342 17.0976 10.3166 17.0976 10.7071 16.7071L14.7071 12.7071C14.8946 12.5196 15 12.2652 15 12C15 11.7348 14.8946 11.4804 14.7071 11.2929L10.7071 7.29289C10.3166 6.90237 9.68342 6.90237 9.29289 7.29289Z"
                      fillRule="evenodd"
                    />
                  </svg>
                </div>
              </div>
            </li>
          </ul>
        </div>
        <div
          className="c5 ae au"
        >
          <div
            className="bz ai"
            data-testid="employee-addresses"
          >
            <div
              className="bz ai"
            >
              <div
                className="bz af ag c7 ai c8"
              >
                <div
                  className=""
                  data-baseweb="block"
                >
                  <b>
                    john dow's
                  </b>
                   Addresses are following:
                </div>
              </div>
              <ul
                className="ai c6 bz b3 b4 ax"
              >
                <li
                  className="ag av ae bc ai"
                >
                  <div
                    className="be bf bg bh bi bj bk bl bm bn bo bp ag ae bq br bs bt bu"
                  >
                    <div>
                      <div
                        className="am an ao bx c9"
                        data-baseweb="typo-labelmedium"
                      >
                        <span
                          data-testid="employee-address-location"
                        >
                          Kolkata
                        </span>
                      </div>
                    </div>
                  </div>
                </li>
                <li
                  className="ag av ae bc ai"
                >
                  <div
                    className="be bf bg bh bi bj bk bl bm bn bo bp ag ae bq br bs bt bu"
                  >
                    <div>
                      <div
                        className="am an ao bx c9"
                        data-baseweb="typo-labelmedium"
                      >
                        <span
                          data-testid="employee-address-location"
                        >
                          Delhi
                        </span>
                      </div>
                    </div>
                  </div>
                </li>
                <li
                  className="ag av ae bc ai"
                >
                  <div
                    className="be bf bg bh bi bj bk bl bm bn bo bp ag ae bq br bs bt bu"
                  >
                    <div>
                      <div
                        className="am an ao bx c9"
                        data-baseweb="typo-labelmedium"
                      >
                        <span
                          data-testid="employee-address-location"
                        >
                          Bombay
                        </span>
                      </div>
                    </div>
                  </div>
                </li>
                <li
                  className="ag av ae bc ai"
                >
                  <div
                    className="be bf bg bh bi bj bk bl bm bn bo bp ag ae bq br bs bt bu"
                  >
                    <div>
                      <div
                        className="am an ao bx c9"
                        data-baseweb="typo-labelmedium"
                      >
                        <span
                          data-testid="employee-address-location"
                        >
                          Hydrabad
                        </span>
                      </div>
                    </div>
                  </div>
                </li>
              </ul>
            </div>
          </div>
        </div>
      </div>
    </div>
  </div>
  <div
    className=""
  />
</section>
`;
